/¯¯¯¯¯¯¯¯¯¯¯¯¯¯¯¯¯¯¯¯¯¯¯¯¯¯¯¯¯¯¯¯¯¯¯¯¯¯¯¯¯¯¯¯¯¯¯¯¯¯¯¯¯¯¯\
| I want to fall. Infinitely far. Onto a bed of stars.  |
\_______________________________________________________/
        \
         \
           ^__^
           (pp)\_______
           (__)\       )\/\
               ||----w |
               ||     ||
