/¯¯¯¯¯¯¯¯¯¯¯¯\
| I want to  |
| fall. Infi |
| nitely far |
| . Onto a b |
| ed of star |
| s.         |
\____________/
        \
         \
           ^__^
           (oo)\_______
           (__)\       )\/\
             0 ||----w |
               ||     ||
