/¯¯¯¯¯¯¯¯¯¯¯¯¯¯¯¯¯¯¯¯¯¯\
| I want to fall. Infi |
| nitely far. Onto a b |
| ed of stars.         |
\______________________/
        \
         \
           ^__^
           (!q)\_______
           (__)\       )\/\
               ||----w |
               ||     ||

