/¯¯¯¯¯¯¯¯¯¯¯¯¯¯¯¯¯¯¯¯¯¯¯¯¯¯¯¯¯¯¯¯¯¯¯¯¯¯¯¯¯¯\
| I want to fall. Infinitely far. Onto a b |
| ed of stars.                             |
\__________________________________________/
        \
         \
           ^__^
           (**)\_______
           (__)\       )\/\
            U  ||----w |
               ||     ||
