/¯¯¯¯¯¯¯¯¯¯¯¯¯¯¯¯¯¯¯¯¯¯¯¯¯¯¯¯¯¯¯¯\
| I want to fall. Infinitely far |
| . Onto a bed of stars.         |
\________________________________/
        \
         \
           ^__^
           (..)\_______
           (__)\       )\/\
               ||----w |
               ||     ||
