/¯¯¯¯¯¯¯¯¯¯¯¯\
| I want to  |
| fall. Infi |
| nitely far |
| . Onto a b |
| ed of star |
| s.         |
\____________/
        \
         \
           ^__^
           (pp)\_______
           (__)\       )\/\
               ||----w |
               ||     ||

