/¯¯¯¯¯¯¯¯¯¯¯¯¯¯¯¯¯¯¯¯¯¯¯¯¯¯¯¯¯¯¯¯¯¯¯¯¯¯¯¯¯¯\
| I want to fall. Infinitely far. Onto a b |
| ed of stars.                             |
\__________________________________________/
        \
         \
           ^__^
           (oo)\_______
           (__)\       )\/\
             0 ||----w |
               ||     ||

