/¯¯¯¯¯¯¯¯¯¯¯¯¯¯¯¯¯¯¯¯¯¯¯¯¯¯¯¯¯¯¯¯¯¯¯¯¯¯¯¯¯¯\
| The only thing separating the gonks from |
|  the chooms is how chromed'ya are        |
\__________________________________________/
        \
         \
           ^__^
           (OO)\_______
           (__)\       )\/\
               ||----w |
               ||     ||

