/¯¯¯¯¯¯¯¯¯¯¯¯¯¯¯¯¯¯¯¯¯¯¯¯¯¯¯¯¯¯¯¯\
| The only thing separating the  |
| gonks from the chooms is how c |
| hromed'ya are                  |
\________________________________/
                              \                  
                               \                 
                                 ^__^            
                                 (XX)\_______    
                                 (__)\       )\/\
                                  U  ||----w |   
                                     ||     ||   
