/¯¯¯¯¯¯¯¯¯¯¯¯\
| The only t |
| hing separ |
| ating the  |
| gonks from |
|  the choom |
| s is how c |
| hromed'ya  |
| are        |
\____________/
        \
         \
           ^__^
           (oo)\_______
           (__)\       )\/\
            __ ||----w |
               ||     ||

