/¯¯¯¯¯¯¯¯¯¯¯¯¯¯¯¯¯¯¯¯¯¯¯¯¯¯¯¯¯¯¯¯¯¯¯¯¯¯¯¯¯¯¯¯¯¯¯¯¯¯¯¯¯¯¯¯¯¯¯¯¯¯¯¯¯¯¯¯¯¯¯¯¯¯¯¯\
| The only thing separating the gonks from the chooms is how chromed'ya are  |
\____________________________________________________________________________/
                                                                          \                  
                                                                           \                 
                                                                             ^__^            
                                                                             (oo)\_______    
                                                                             (__)\       )\/\
                                                                                 ||----w |   
                                                                                 ||     ||   
