/¯¯¯¯¯¯¯¯¯¯¯¯¯¯¯¯¯¯¯¯¯¯\
| The only thing separ |
| ating the gonks from |
|  the chooms is how c |
| hromed'ya are        |
\______________________/
        \
         \
           ^__^
           (pp)\_______
           (__)\       )\/\
               ||----w |
               ||     ||
