/¯¯¯¯¯¯¯¯¯¯¯¯\
| We are bec |
| ome one. F |
| lesh in th |
| e flesh.   |
\____________/
        \
         \
           ^__^
           (pp)\_______
           (__)\       )\/\
               ||----w |
               ||     ||
