/¯¯¯¯¯¯¯¯¯¯¯¯¯¯¯¯¯¯¯¯¯¯¯¯¯¯¯¯¯¯¯¯\
| We are become one. Flesh in th |
| e flesh.                       |
\________________________________/
        \
         \
           ^__^
           (==)\_______
           (__)\       )\/\
               ||----w |
               ||     ||

