/¯¯¯¯¯¯¯¯¯¯¯¯\
| We are bec |
| ome one. F |
| lesh in th |
| e flesh.   |
\____________/
        \
         \
           ^__^
           (oo)\_______
           (__)\       )\/\
             0 ||----w |
               ||     ||
