/¯¯¯¯¯¯¯¯¯¯¯¯¯¯¯¯¯¯¯¯¯¯¯¯¯¯¯¯¯¯¯¯¯¯¯¯¯¯¯¯¯\
| We are become one. Flesh in the flesh.  |
\_________________________________________/
                                       \                  
                                        \                 
                                          ^__^            
                                          (oo)\_______    
                                          (__)\       )\/\
                                              ||----w |   
                                              ||     ||   
