/¯¯¯¯¯¯¯¯¯¯¯¯¯¯¯¯¯¯¯¯¯¯\
| We are become one. F |
| lesh in the flesh.   |
\______________________/
        \
         \
           ^__^
           (!q)\_______
           (__)\       )\/\
               ||----w |
               ||     ||
