/¯¯¯¯¯¯¯¯¯¯¯¯\
| We are bec |
| ome one. F |
| lesh in th |
| e flesh.   |
\____________/
        \
         \
           ^__^
           (XX)\_______
           (__)\       )\/\
            U  ||----w |
               ||     ||
