/¯¯¯¯¯¯¯¯¯¯¯¯¯¯¯¯¯¯¯¯¯¯¯¯¯¯¯¯¯¯¯¯¯¯¯¯¯¯¯¯¯\
| We are become one. Flesh in the flesh.  |
\_________________________________________/
        \
         \
           ^__^
           (pp)\_______
           (__)\       )\/\
               ||----w |
               ||     ||
