/¯¯¯¯¯¯¯¯¯¯¯¯¯¯¯¯¯¯¯¯¯¯\
| We are become one. F |
| lesh in the flesh.   |
\______________________/
        \
         \
           ^__^
           (oo)\_______
           (__)\       )\/\
            __ ||----w |
               ||     ||

