/¯¯¯¯¯¯¯¯¯¯¯¯¯¯¯¯¯¯¯¯¯¯¯¯¯¯¯¯¯¯¯¯¯¯¯¯¯¯¯¯¯\
| We are become one. Flesh in the flesh.  |
\_________________________________________/
        \
         \
           ^__^
           (XX)\_______
           (__)\       )\/\
            U  ||----w |
               ||     ||
