/¯¯¯¯¯¯¯¯¯¯¯¯\
| Technology |
|  is both t |
| he problem |
|  and the s |
| olution, o |
| ur dearest |
|  weapon. U |
| nbound by  |
| law and mo |
| rality, th |
| e might of |
|  the elect |
| ron and sw |
| itch prope |
| ls us ever |
|  forward.  |
| Far greate |
| r than any |
|  magic or  |
| sorcery, a |
| nd it is u |
| s who wiel |
| ds it.     |
\____________/
        \
         \
           ^__^
           (XX)\_______
           (__)\       )\/\
            U  ||----w |
               ||     ||

