/¯¯¯¯¯¯¯¯¯¯¯¯¯¯¯¯¯¯¯¯¯¯¯¯¯¯¯¯¯¯¯¯\
| Technology is both the problem |
|  and the solution, our dearest |
|  weapon. Unbound by law and mo |
| rality, the might of the elect |
| ron and switch propels us ever |
|  forward. Far greater than any |
|  magic or sorcery, and it is u |
| s who wields it.               |
\________________________________/
                              \                  
                               \                 
                                 ^__^            
                                 (==)\_______    
                                 (__)\       )\/\
                                     ||----w |   
                                     ||     ||   
