/¯¯¯¯¯¯¯¯¯¯¯¯¯¯¯¯¯¯¯¯¯¯¯¯¯¯¯¯¯¯¯¯\
| kon li lon. li namako li suwi. |
|  li kama seli.                 |
\________________________________/
        \
         \
           ^__^
           (XX)\_______
           (__)\       )\/\
            U  ||----w |
               ||     ||
