/¯¯¯¯¯¯¯¯¯¯¯¯¯¯¯¯¯¯¯¯¯¯¯¯¯¯¯¯¯¯¯¯¯¯¯¯¯¯¯¯¯¯\
| kon li lon. li namako li suwi. li kama s |
| eli.                                     |
\__________________________________________/
                                        \                  
                                         \                 
                                           ^__^            
                                           ($$)\_______    
                                           (__)\       )\/\
                                               ||----w |   
                                               ||     ||   
