Try 'cowsay.apl -- +h' for more information
Try 'apl --script cowsay.apl -- +h' for more information

