/¯¯¯¯¯¯¯¯¯¯¯¯¯¯¯¯¯¯¯¯¯¯¯¯¯¯¯¯¯¯¯¯¯¯¯¯¯¯¯¯¯¯\
| kon li lon. li namako li suwi. li kama s |
| eli.                                     |
\__________________________________________/
        \
         \
           ^__^
           (OO)\_______
           (__)\       )\/\
               ||----w |
               ||     ||

