/¯¯¯¯¯¯¯¯¯¯¯¯\
| kon li lon |
| . li namak |
| o li suwi. |
|  li kama s |
| eli.       |
\____________/
        \
         \
           ^__^
           (XX)\_______
           (__)\       )\/\
            U  ||----w |
               ||     ||

