/¯¯¯¯¯¯¯¯¯¯¯¯\
| kon li lon |
| . li namak |
| o li suwi. |
|  li kama s |
| eli.       |
\____________/
          \                  
           \                 
             ^__^            
             (--)\_______    
             (__)\       )\/\
                 ||----w |   
                 ||     ||   
