/¯¯¯¯¯¯¯¯¯¯¯¯\
| kon li lon |
| . li namak |
| o li suwi. |
|  li kama s |
| eli.       |
\____________/
        \
         \
           ^__^
           (oo)\_______
           (__)\       )\/\
             0 ||----w |
               ||     ||
