/¯¯¯¯¯¯¯¯¯¯¯¯¯¯¯¯¯¯¯¯¯¯¯¯¯¯¯¯¯¯¯¯¯¯¯¯¯¯¯¯¯¯¯¯¯¯¯\
| kon li lon. li namako li suwi. li kama seli.  |
\_______________________________________________/
        \
         \
           ^__^
           (!q)\_______
           (__)\       )\/\
               ||----w |
               ||     ||

