/¯¯¯¯¯¯¯¯¯¯¯¯¯¯¯¯¯¯¯¯¯¯¯¯¯¯¯¯¯¯¯¯\
| kon li lon. li namako li suwi. |
|  li kama seli.                 |
\________________________________/
                              \                  
                               \                 
                                 ^__^            
                                 (--)\_______    
                                 (__)\       )\/\
                                     ||----w |   
                                     ||     ||   
