/¯¯¯¯¯¯¯¯¯¯¯¯¯¯¯¯¯¯¯¯¯¯\
| kon li lon. li namak |
| o li suwi. li kama s |
| eli.                 |
\______________________/
        \
         \
           ^__^
           (oo)\_______
           (__)\       )\/\
            __ ||----w |
               ||     ||

